Microchip MPLAB XC8 Compiler V1.45 ()

Linker command line:

--edf=C:\Program Files (x86)\Microchip\xc8\v1.45\dat\en_msgs.txt -cs \
  -h+dist/default/production\module_touch_capacitive.X.production.sym \
  --cmf=dist/default/production\module_touch_capacitive.X.production.cmf -z \
  -Q18F46K22 -oC:\Users\guiza\AppData\Local\Temp\sc3s.2 \
  -Mdist/default/production/module_touch_capacitive.X.production.map -E1 \
  -ver=XC8 -ASTACK=01E0h-0f37h -pstack=STACK -ACODE=00h-0FFFFh \
  -ACONST=00h-0FFFFh -ASMALLCONST=01000h-010FFhx240 \
  -AMEDIUMCONST=01000h-0FFFFh -ACOMRAM=01h-05Fh -AABS1=00h-0F37h \
  -ABIGRAM=01h-0F37h -ARAM=060h-0FFh,0100h-01FFhx14,0F00h-0F37h \
  -ABANK0=060h-0FFh -ABANK1=0100h-01FFh -ABANK2=0200h-02FFh \
  -ABANK3=0300h-03FFh -ABANK4=0400h-04FFh -ABANK5=0500h-05FFh \
  -ABANK6=0600h-06FFh -ABANK7=0700h-07FFh -ABANK8=0800h-08FFh \
  -ABANK9=0900h-09FFh -ABANK10=0A00h-0AFFh -ABANK11=0B00h-0BFFh \
  -ABANK12=0C00h-0CFFh -ABANK13=0D00h-0DFFh -ABANK14=0E00h-0EFFh \
  -ABANK15=0F00h-0F37h -ASFR=0F38h-0F5Fh,0F60h-0FFFh \
  -preset_vec=00h,intcode=08h,intcodelo,powerup,init -pramtop=01000h \
  -psmallconst=SMALLCONST -pmediumconst=MEDIUMCONST -pconst=CONST \
  -AFARRAM=00h-00h -ACONFIG=0300000h-030000Dh -pconfig=CONFIG \
  -AIDLOC=0200000h-0200007h -pidloc=IDLOC -AEEDATA=0F00000h-0F003FFh \
  -peeprom_data=EEDATA \
  -prdata=COMRAM,nvrram=COMRAM,nvbit=COMRAM,rbss=COMRAM,rbit=COMRAM \
  -pfarbss=FARRAM,fardata=FARRAM,nvFARRAM=FARRAM \
  -pintsave_regs=BIGRAM,bigbss=BIGRAM,bigdata=BIGRAM -pbss=RAM \
  -pidata=CODE,irdata=CODE,ibigdata=CODE,ifardata=CODE -prparam=COMRAM \
  C:\Users\guiza\AppData\Local\Temp\sc3s.obj \
  dist/default/production\module_touch_capacitive.X.production.obj 

Object code version is 3.11

Machine type is 18F46K22

Call graph: (short form)




                Name                               Link     Load   Length Selector   Space Scale
C:\Users\guiza\AppData\Local\Temp\sc3s.obj
                init                                 A8       A8        4        4       0
                reset_vec                             0        0        4        0       0
                idloc                            200000   200000        8   200000       0
                config                           300000   300000        E   300000       0
dist/default/production\module_touch_capacitive.X.production.obj
                intcode                               8        8       A0        4       0
                temp                                 34       34        1        1       1
                text23                               AC       AC      2B2        4       0
                text22                              CF4      CF4       D2        4       0
                text21                              584      584      1D2        4       0
                text20                              8EE      8EE      166        4       0
                text18                              F90      F90       1E        4       0
                text17                              FD2      FD2        C        4       0
                text16                              FDE      FDE        8        4       0
                text15                              F1A      F1A       2E        4       0
                text14                              EC8      EC8       52        4       0
                text13                              FC0      FC0       12        4       0
                text12                              F70      F70       20        4       0
                text11                              FF8      FF8        6        4       0
                text10                              756      756      198        4       0
                text9                               A54      A54      152        4       0
                text8                               DC6      DC6       90        4       0
                text7                               E56      E56       72        4       0
                text6                               FFE      FFE        4        4       0
                text5                               FF2      FF2        6        4       0
                text4                               FAE      FAE       12        4       0
                text3                               35E      35E      226        4       0
                text2                               FEC      FEC        6        4       0
                text1                               FE6      FE6        6        4       0
                text0                               BA6      BA6      14E        4       0
                cstackCOMRAM                          1        1       32        1       1
                cstackBANK0                          98       98       10       60       1
                bssBANK1                            100      100       E0      100       1
                bssBANK0                             60       60       38       60       1
                bssCOMRAM                            33       33        1        1       1
                cinit                               F48      F48       28        4       0

TOTAL           Name                               Link     Load   Length     Space
        CLASS   STACK          

        CLASS   CODE           
                intcode                               8        8       A0         0
                init                                 A8       A8        4         0
                reset_vec                             0        0        4         0
                text23                               AC       AC      2B2         0
                text22                              CF4      CF4       D2         0
                text21                              584      584      1D2         0
                text20                              8EE      8EE      166         0
                text18                              F90      F90       1E         0
                text17                              FD2      FD2        C         0
                text16                              FDE      FDE        8         0
                text15                              F1A      F1A       2E         0
                text14                              EC8      EC8       52         0
                text13                              FC0      FC0       12         0
                text12                              F70      F70       20         0
                text11                              FF8      FF8        6         0
                text10                              756      756      198         0
                text9                               A54      A54      152         0
                text8                               DC6      DC6       90         0
                text7                               E56      E56       72         0
                text6                               FFE      FFE        4         0
                text5                               FF2      FF2        6         0
                text4                               FAE      FAE       12         0
                text3                               35E      35E      226         0
                text2                               FEC      FEC        6         0
                text1                               FE6      FE6        6         0
                text0                               BA6      BA6      14E         0
                cinit                               F48      F48       28         0

        CLASS   CONST          

        CLASS   SMALLCONST     

        CLASS   MEDIUMCONST    

        CLASS   COMRAM         
                temp                                 34       34        1         1
                cstackCOMRAM                          1        1       32         1
                bssCOMRAM                            33       33        1         1

        CLASS   ABS1           

        CLASS   BIGRAM         

        CLASS   RAM            

        CLASS   BANK0          
                cstackBANK0                          98       98       10         1
                bssBANK0                             60       60       38         1

        CLASS   BANK1          
                bssBANK1                            100      100       E0         1

        CLASS   BANK2          

        CLASS   BANK3          

        CLASS   BANK4          

        CLASS   BANK5          

        CLASS   BANK6          

        CLASS   BANK7          

        CLASS   BANK8          

        CLASS   BANK9          

        CLASS   BANK10         

        CLASS   BANK11         

        CLASS   BANK12         

        CLASS   BANK13         

        CLASS   BANK14         

        CLASS   BANK15         

        CLASS   SFR            

        CLASS   FARRAM         

        CLASS   CONFIG         
                config                           300000   300000        E         0

        CLASS   IDLOC          
                idloc                            200000   200000        8         0

        CLASS   EEDATA         



SEGMENTS        Name                           Load    Length   Top    Selector   Space  Class

                reset_vec                      000000  000004  000004         0       0  CODE    
                cstackCOMRAM                   000001  000034  000035         1       1  COMRAM  
                intcode                        000008  000FFA  001002         4       0  CODE    
                bssBANK0                       000060  000048  0000A8        60       1  BANK0   
                bssBANK1                       000100  0000E0  0001E0       100       1  BANK1   
                idloc                          200000  000008  200008    200000       0  IDLOC   
                config                         300000  00000E  30000E    300000       0  CONFIG  


UNUSED ADDRESS RANGES

        Name                Unused          Largest block    Delta
        BANK0            0000A8-0000FF               58
        BANK1            0001E0-0001FF               20
        BANK10           000A00-000AFF              100
        BANK11           000B00-000BFF              100
        BANK12           000C00-000CFF              100
        BANK13           000D00-000DFF              100
        BANK14           000E00-000EFF              100
        BANK15           000F00-000F37               38
        BANK2            000200-0002FF              100
        BANK3            000300-0003FF              100
        BANK4            000400-0004FF              100
        BANK5            000500-0005FF              100
        BANK6            000600-0006FF              100
        BANK7            000700-0007FF              100
        BANK8            000800-0008FF              100
        BANK9            000900-0009FF              100
        BIGRAM           000035-00005F               2B
                         0000A8-0000FF               58
                         0001E0-000F37              D58
        CODE             000004-000007                4
                         001002-00FFFF             EFFE
        COMRAM           000035-00005F               2B
        CONST            000004-000007                4
                         001002-00FFFF             EFFE
        EEDATA           F00000-F003FF              400
        MEDIUMCONST      001002-00FFFF             EFFE
        RAM              0000A8-0000FF               58
                         0001E0-000F37              100
        SFR              000F38-000FFF               28
        SMALLCONST       001002-00FFFF              100
        STACK            0001E0-000F37              D58

                                  Symbol Table

?_I2C_Master_Init                      cstackBANK0  000098
?_MTouchAcquisitionCVD                 cstackCOMRAM 000001
I2C_Master_Write@data                  cstackBANK0  00009B
I2C_Master_Write@temp                  cstackBANK0  00009A
MTouchAcquisition@data                 cstackCOMRAM 000018
MTouchAcquisition@i                    cstackCOMRAM 00001E
MTouchAcquisition@pCurrentSensor       cstackCOMRAM 00001F
MTouchAcquisition@pLastSensor          cstackCOMRAM 00001A
MTouchAcquisition@pPreviousSensor      cstackCOMRAM 00001C
MTouchAcquisition@startSensorNumber    bssCOMRAM    000033
MTouchAcquisitionCVD@curChannelNumber  cstackCOMRAM 00000C
MTouchAcquisitionCVD@curIOMask         cstackCOMRAM 000014
MTouchAcquisitionCVD@curLat            cstackCOMRAM 00000F
MTouchAcquisitionCVD@curTris           cstackCOMRAM 000012
MTouchAcquisitionCVD@pCurrentSensor    cstackCOMRAM 000001
MTouchAcquisitionCVD@pPreviousSensor   cstackCOMRAM 000003
MTouchAcquisitionCVD@prevChannelNumber cstackCOMRAM 00000B
MTouchAcquisitionCVD@prevIOMask        cstackCOMRAM 000011
MTouchAcquisitionCVD@prevLat           cstackCOMRAM 00000D
MTouchAcquisitionCVD@prevTris          cstackCOMRAM 000009
MTouchAcquisitionCVD@result            cstackCOMRAM 000007
MTouchDecodeButtons@decode             cstackBANK0  0000A0
MTouchDecodeButtons@i                  cstackBANK0  00009E
MTouchDecodeButtons@pButton            cstackBANK0  0000A4
MTouchDecodeButtons@pMostPressedButton cstackBANK0  0000A1
MTouchDecodeButtons@pSensor            cstackBANK0  00009C
MTouchDecodeButtons@sensorState        cstackBANK0  0000A3
MTouchDecodeButtons@state              cstackBANK0  00009F
MTouchSensorDecode@delta               cstackCOMRAM 000010
MTouchSensorDecode@pSensor             cstackCOMRAM 00000A
MTouchSetButton@buttonNumber           cstackBANK0  00009C
MTouchSetButton@decode                 cstackBANK0  000099
MTouchSetButton@pButton                cstackBANK0  00009D
MTouchSetButton@sensorNumber           cstackBANK0  000098
MTouchSetSensor@channelNumber          cstackBANK0  00009D
MTouchSetSensor@chargeDelay            cstackBANK0  0000A2
MTouchSetSensor@ioBitNumber            cstackBANK0  00009C
MTouchSetSensor@lat                    cstackBANK0  00009A
MTouchSetSensor@oversampling           cstackBANK0  0000A0
MTouchSetSensor@pSensor                cstackBANK0  0000A6
MTouchSetSensor@sensorNumber           cstackBANK0  0000A5
MTouchSetSensor@threshold              cstackBANK0  00009E
MTouchSetSensor@tris                   cstackBANK0  000098
MTouchUpdateSensorAverage@pSensor      cstackCOMRAM 000001
MTouchUpdateSensorAverage@rate         cstackCOMRAM 000003
_ADCON0                                (abs)        000FC2
_ADCON0bits                            (abs)        000FC2
_ADCON1                                (abs)        000FC1
_ADCON2                                (abs)        000FC0
_ADCON2bits                            (abs)        000FC0
_ADRESH                                (abs)        000FC4
_ADRESL                                (abs)        000FC3
_ANSELA                                (abs)        000F38
_ANSELB                                (abs)        000F39
_ANSELC                                (abs)        000F3A
_ANSELCbits                            (abs)        000F3A
_ANSELD                                (abs)        000F3B
_ANSELE                                (abs)        000F3C
_I2C_Master_Init                       text18       000F90
_I2C_Master_Start                      text17       000FD2
_I2C_Master_Stop                       text16       000FDE
_I2C_Master_Write                      text15       000F1A
_INTCONbits                            (abs)        000FF2
_LATA                                  (abs)        000F89
_LATAbits                              (abs)        000F89
_LATB                                  (abs)        000F8A
_LATC                                  (abs)        000F8B
_LATCbits                              (abs)        000F8B
_LATD                                  (abs)        000F8C
_LATE                                  (abs)        000F8D
_LATEbits                              (abs)        000F8D
_MTouchAcquisition                     text20       0008EE
_MTouchAcquisitionCVD                  text23       0000AC
_MTouchDecode                          text2        000FEC
_MTouchDecodeButtons                   text3        00035E
_MTouchInit                            text12       000F70
_MTouchSensorDecode                    text21       000584
_MTouchSetButton                       text8        000DC6
_MTouchSetSensor                       text10       000756
_MTouchUpdateSensorAverage             text22       000CF4
_OSCCON                                (abs)        000FD3
_OSCCON2                               (abs)        000FD2
_OSCTUNE                               (abs)        000F9B
_PIE1bits                              (abs)        000F9D
_PIN_MANAGER_Initialize                text14       000EC8
_PIR1                                  (abs)        000F9E
_PIR1bits                              (abs)        000F9E
_PR2                                   (abs)        000FBB
_SSP1ADD                               (abs)        000FC8
_SSP1BUF                               (abs)        000FC9
_SSP1CON1                              (abs)        000FC6
_SSP1CON2                              (abs)        000FC5
_SSP1CON3                              (abs)        000FCB
_SSP1STAT                              (abs)        000FC7
_T2CON                                 (abs)        000FBA
_T2CONbits                             (abs)        000FBA
_TMR2                                  (abs)        000FBC
_TMR2_Initialize                       text13       000FC0
_TMR2_StartTimer                       text6        000FFE
_TRISA                                 (abs)        000F92
_TRISB                                 (abs)        000F93
_TRISC                                 (abs)        000F94
_TRISCbits                             (abs)        000F94
_TRISD                                 (abs)        000F95
_TRISE                                 (abs)        000F96
__CFG_BOREN$SBORDIS                    (abs)        000000
__CFG_BORV$190                         (abs)        000000
__CFG_CCP2MX$PORTC1                    (abs)        000000
__CFG_CCP3MX$PORTE0                    (abs)        000000
__CFG_CP0$OFF                          (abs)        000000
__CFG_CP1$OFF                          (abs)        000000
__CFG_CP2$OFF                          (abs)        000000
__CFG_CP3$OFF                          (abs)        000000
__CFG_CPB$OFF                          (abs)        000000
__CFG_CPD$OFF                          (abs)        000000
__CFG_EBTR0$OFF                        (abs)        000000
__CFG_EBTR1$OFF                        (abs)        000000
__CFG_EBTR2$OFF                        (abs)        000000
__CFG_EBTR3$OFF                        (abs)        000000
__CFG_EBTRB$OFF                        (abs)        000000
__CFG_FCMEN$ON                         (abs)        000000
__CFG_FOSC$HSHP                        (abs)        000000
__CFG_HFOFST$OFF                       (abs)        000000
__CFG_IESO$OFF                         (abs)        000000
__CFG_LVP$OFF                          (abs)        000000
__CFG_MCLRE$EXTMCLR                    (abs)        000000
__CFG_P2BMX$PORTD2                     (abs)        000000
__CFG_PBADEN$OFF                       (abs)        000000
__CFG_PLLCFG$ON                        (abs)        000000
__CFG_PRICLKEN$ON                      (abs)        000000
__CFG_PWRTEN$OFF                       (abs)        000000
__CFG_STVREN$OFF                       (abs)        000000
__CFG_T3CMX$PORTB5                     (abs)        000000
__CFG_WDTEN$OFF                        (abs)        000000
__CFG_WDTPS$16384                      (abs)        000000
__CFG_WRT0$OFF                         (abs)        000000
__CFG_WRT1$OFF                         (abs)        000000
__CFG_WRT2$OFF                         (abs)        000000
__CFG_WRT3$OFF                         (abs)        000000
__CFG_WRTB$OFF                         (abs)        000000
__CFG_WRTC$OFF                         (abs)        000000
__CFG_WRTD$OFF                         (abs)        000000
__CFG_XINST$OFF                        (abs)        000000
__HRAM                                 (abs)        000000
__Habs1                                abs1         000000
__Hbank0                               bank0        000000
__Hbank1                               bank1        000000
__Hbank10                              bank10       000000
__Hbank11                              bank11       000000
__Hbank12                              bank12       000000
__Hbank13                              bank13       000000
__Hbank14                              bank14       000000
__Hbank15                              bank15       000000
__Hbank2                               bank2        000000
__Hbank3                               bank3        000000
__Hbank4                               bank4        000000
__Hbank5                               bank5        000000
__Hbank6                               bank6        000000
__Hbank7                               bank7        000000
__Hbank8                               bank8        000000
__Hbank9                               bank9        000000
__Hbigbss                              bigbss       000000
__Hbigdata                             bigdata      000000
__Hbigram                              bigram       000000
__Hbss                                 bss          000000
__HbssBANK0                            bssBANK0     000000
__HbssBANK1                            bssBANK1     000000
__HbssCOMRAM                           bssCOMRAM    000000
__Hcinit                               cinit        000000
__Hclrtext                             clrtext      000000
__Hcomram                              comram       000000
__Hconfig                              config       30000E
__Hconst                               const        000000
__HcstackBANK0                         cstackBANK0  000000
__HcstackCOMRAM                        cstackCOMRAM 000000
__Hdata                                data         000000
__Heeprom_data                         eeprom_data  000000
__Hfarbss                              farbss       000000
__Hfardata                             fardata      000000
__Hibigdata                            ibigdata     000000
__Hidata                               idata        000000
__Hidloc                               idloc        200008
__Hifardata                            ifardata     000000
__Hinit                                init         0000AC
__Hintcode                             intcode      0000A8
__Hintcode_body                        intcode_body 000000
__Hintcodelo                           intcodelo    0000A8
__Hintentry                            intentry     000000
__Hintret                              intret       000000
__Hintsave_regs                        intsave_regs 000000
__Hirdata                              irdata       000000
__Hmediumconst                         mediumconst  000000
__HnvFARRAM                            nvFARRAM     000000
__Hnvbit                               nvbit        000000
__Hnvrram                              nvrram       000000
__Hparam                               rparam       000000
__Hpowerup                             powerup      0000A8
__Hram                                 ram          000000
__Hramtop                              ramtop       001000
__Hrbit                                rbit         000000
__Hrbss                                rbss         000000
__Hrdata                               rdata        000000
__Hreset_vec                           reset_vec    000004
__Hrparam                              rparam       000000
__Hsfr                                 sfr          000000
__Hsmallconst                          smallconst   000000
__Hspace_0                             (abs)        30000E
__Hspace_1                             (abs)        0001E0
__Hspace_2                             (abs)        000000
__Hstack                               stack        000000
__Hstruct                              struct       000000
__Htemp                                temp         000035
__Htext                                text         000000
__Htext0                               text0        000000
__Htext1                               text1        000000
__Htext10                              text10       000000
__Htext11                              text11       000000
__Htext12                              text12       000000
__Htext13                              text13       000000
__Htext14                              text14       000000
__Htext15                              text15       000000
__Htext16                              text16       000000
__Htext17                              text17       000000
__Htext18                              text18       000000
__Htext2                               text2        000000
__Htext20                              text20       000000
__Htext21                              text21       000000
__Htext22                              text22       000000
__Htext23                              text23       000000
__Htext3                               text3        000000
__Htext4                               text4        000000
__Htext5                               text5        000000
__Htext6                               text6        000000
__Htext7                               text7        000000
__Htext8                               text8        000000
__Htext9                               text9        000000
__LRAM                                 (abs)        000001
__Labs1                                abs1         000000
__Lbank0                               bank0        000000
__Lbank1                               bank1        000000
__Lbank10                              bank10       000000
__Lbank11                              bank11       000000
__Lbank12                              bank12       000000
__Lbank13                              bank13       000000
__Lbank14                              bank14       000000
__Lbank15                              bank15       000000
__Lbank2                               bank2        000000
__Lbank3                               bank3        000000
__Lbank4                               bank4        000000
__Lbank5                               bank5        000000
__Lbank6                               bank6        000000
__Lbank7                               bank7        000000
__Lbank8                               bank8        000000
__Lbank9                               bank9        000000
__Lbigbss                              bigbss       000000
__Lbigdata                             bigdata      000000
__Lbigram                              bigram       000000
__Lbss                                 bss          000000
__LbssBANK0                            bssBANK0     000000
__LbssBANK1                            bssBANK1     000000
__LbssCOMRAM                           bssCOMRAM    000000
__Lcinit                               cinit        000000
__Lclrtext                             clrtext      000000
__Lcomram                              comram       000000
__Lconfig                              config       300000
__Lconst                               const        000000
__LcstackBANK0                         cstackBANK0  000000
__LcstackCOMRAM                        cstackCOMRAM 000000
__Ldata                                data         000000
__Leeprom_data                         eeprom_data  000000
__Lfarbss                              farbss       000000
__Lfardata                             fardata      000000
__Libigdata                            ibigdata     000000
__Lidata                               idata        000000
__Lidloc                               idloc        200000
__Lifardata                            ifardata     000000
__Linit                                init         0000A8
__Lintcode                             intcode      000008
__Lintcode_body                        intcode_body 000000
__Lintcodelo                           intcodelo    0000A8
__Lintentry                            intentry     000000
__Lintret                              intret       000000
__Lintsave_regs                        intsave_regs 000000
__Lirdata                              irdata       000000
__Lmediumconst                         mediumconst  000000
__LnvFARRAM                            nvFARRAM     000000
__Lnvbit                               nvbit        000000
__Lnvrram                              nvrram       000000
__Lparam                               rparam       000000
__Lpowerup                             powerup      0000A8
__Lram                                 ram          000000
__Lramtop                              ramtop       001000
__Lrbit                                rbit         000000
__Lrbss                                rbss         000000
__Lrdata                               rdata        000000
__Lreset_vec                           reset_vec    000000
__Lrparam                              rparam       000000
__Lsfr                                 sfr          000000
__Lsmallconst                          smallconst   000000
__Lspace_0                             (abs)        000000
__Lspace_1                             (abs)        000000
__Lspace_2                             (abs)        000000
__Lstack                               stack        000000
__Lstruct                              struct       000000
__Ltemp                                temp         000034
__Ltext                                text         000000
__Ltext0                               text0        000000
__Ltext1                               text1        000000
__Ltext10                              text10       000000
__Ltext11                              text11       000000
__Ltext12                              text12       000000
__Ltext13                              text13       000000
__Ltext14                              text14       000000
__Ltext15                              text15       000000
__Ltext16                              text16       000000
__Ltext17                              text17       000000
__Ltext18                              text18       000000
__Ltext2                               text2        000000
__Ltext20                              text20       000000
__Ltext21                              text21       000000
__Ltext22                              text22       000000
__Ltext23                              text23       000000
__Ltext3                               text3        000000
__Ltext4                               text4        000000
__Ltext5                               text5        000000
__Ltext6                               text6        000000
__Ltext7                               text7        000000
__Ltext8                               text8        000000
__Ltext9                               text9        000000
__S0                                   (abs)        30000E
__S1                                   (abs)        0001E0
__S2                                   (abs)        000000
___inthi_sp                            stack        000000
___intlo_sp                            stack        000000
___param_bank                          (abs)        000000
___rparam_used                         (abs)        000001
___sp                                  stack        000000
__accesstop                            (abs)        000060
__activetblptr                         (abs)        000002
__end_of_I2C_Master_Init               text18       000FAE
__end_of_I2C_Master_Start              text17       000FDE
__end_of_I2C_Master_Stop               text16       000FE6
__end_of_I2C_Master_Write              text15       000F48
__end_of_MTouchAcquisition             text20       000A54
__end_of_MTouchAcquisitionCVD          text23       00035E
__end_of_MTouchDecode                  text2        000FF2
__end_of_MTouchDecodeButtons           text3        000584
__end_of_MTouchInit                    text12       000F90
__end_of_MTouchSensorDecode            text21       000756
__end_of_MTouchSetButton               text8        000E56
__end_of_MTouchSetSensor               text10       0008EE
__end_of_MTouchUpdateSensorAverage     text22       000DC6
__end_of_PIN_MANAGER_Initialize        text14       000F1A
__end_of_TMR2_Initialize               text13       000FD2
__end_of_TMR2_StartTimer               text6        001002
__end_of__initialization               cinit        000F62
__end_of_configuration_mTouch          text4        000FC0
__end_of_interrupcoes                  intcode      0000A8
__end_of_main                          text0        000CF4
__end_of_touch_step_1                  text11       000FFE
__end_of_touch_step_2                  text9        000BA6
__end_of_touch_step_3                  text7        000EC8
__end_of_touch_step_4                  text5        000FF8
__end_of_touch_step_5                  text1        000FEC
__initialization                       cinit        000F48
__mediumconst                          mediumconst  000000
__pbssBANK0                            bssBANK0     000060
__pbssBANK1                            bssBANK1     000100
__pbssCOMRAM                           bssCOMRAM    000033
__pcinit                               cinit        000F48
__pcstackBANK0                         cstackBANK0  000098
__pcstackCOMRAM                        cstackCOMRAM 000001
__pintcode                             intcode      000008
__ptext0                               text0        000BA6
__ptext1                               text1        000FE6
__ptext10                              text10       000756
__ptext11                              text11       000FF8
__ptext12                              text12       000F70
__ptext13                              text13       000FC0
__ptext14                              text14       000EC8
__ptext15                              text15       000F1A
__ptext16                              text16       000FDE
__ptext17                              text17       000FD2
__ptext18                              text18       000F90
__ptext2                               text2        000FEC
__ptext20                              text20       0008EE
__ptext21                              text21       000584
__ptext22                              text22       000CF4
__ptext23                              text23       0000AC
__ptext3                               text3        00035E
__ptext4                               text4        000FAE
__ptext5                               text5        000FF2
__ptext6                               text6        000FFE
__ptext7                               text7        000E56
__ptext8                               text8        000DC6
__ptext9                               text9        000A54
__ramtop                               ramtop       001000
__size_of_I2C_Master_Init              (abs)        000000
__size_of_I2C_Master_Start             (abs)        000000
__size_of_I2C_Master_Stop              (abs)        000000
__size_of_I2C_Master_Write             (abs)        000000
__size_of_MTouchAcquisition            (abs)        000000
__size_of_MTouchAcquisitionCVD         (abs)        000000
__size_of_MTouchDecode                 (abs)        000000
__size_of_MTouchDecodeButtons          (abs)        000000
__size_of_MTouchInit                   (abs)        000000
__size_of_MTouchSensorDecode           (abs)        000000
__size_of_MTouchSetButton              (abs)        000000
__size_of_MTouchSetSensor              (abs)        000000
__size_of_MTouchUpdateSensorAverage    (abs)        000000
__size_of_PIN_MANAGER_Initialize       (abs)        000000
__size_of_TMR2_Initialize              (abs)        000000
__size_of_TMR2_StartTimer              (abs)        000000
__size_of_configuration_mTouch         (abs)        000000
__size_of_interrupcoes                 (abs)        000000
__size_of_main                         (abs)        000000
__size_of_touch_step_1                 (abs)        000000
__size_of_touch_step_2                 (abs)        000000
__size_of_touch_step_3                 (abs)        000000
__size_of_touch_step_4                 (abs)        000000
__size_of_touch_step_5                 (abs)        000000
__smallconst                           smallconst   000000
_buttons                               bssBANK0     000060
_configuration_mTouch                  text4        000FAE
_interrupcoes                          intcode      000008
_main                                  text0        000BA6
_sensors                               bssBANK1     000100
_touch_step_1                          text11       000FF8
_touch_step_2                          text9        000A54
_touch_step_3                          text7        000E56
_touch_step_4                          text5        000FF2
_touch_step_5                          text1        000FE6
btemp                                  temp         000034
end_of_initialization                  cinit        000F62
int$flags                              temp         000034
intlevel0                              text         000000
intlevel1                              text         000000
intlevel2                              text         000000
intlevel3                              text         000000
stackhi                                (abs)        000F37
stacklo                                (abs)        0001E0
start                                  init         0000A8
start_initialization                   cinit        000F48
wtemp6                                 temp         000035


FUNCTION INFORMATION:

 *************** function _main *****************
 Defined at:
		line 23 in file "main.c"
 Parameters:    Size  Location     Type
		None
 Auto vars:     Size  Location     Type
		None
 Return value:  Size  Location     Type
                  1    wreg      void 
 Registers used:
		wreg, fsr0l, fsr0h, fsr1l, fsr1h, fsr2l, fsr2h, status,2, status,0, prodl, prodh, cstack
 Tracked objects:
		On entry : 
		On exit  : 
		Unchanged: 
 Data sizes:     COMRAM   BANK0   BANK1   BANK2   BANK3   BANK4   BANK5   BANK6   BANK7   BANK8   BANK9  BANK10  BANK11  BANK12  BANK13  BANK14  BANK15
      Params:         0       0       0       0       0       0       0       0       0       0       0       0       0       0       0       0       0
      Locals:         0       0       0       0       0       0       0       0       0       0       0       0       0       0       0       0       0
      Temps:          0       0       0       0       0       0       0       0       0       0       0       0       0       0       0       0       0
      Totals:         0       0       0       0       0       0       0       0       0       0       0       0       0       0       0       0       0
Total ram usage:        0 bytes
 Hardware stack levels required when called:    7
 This function calls:
		_I2C_Master_Init
		_I2C_Master_Start
		_I2C_Master_Stop
		_I2C_Master_Write
		_PIN_MANAGER_Initialize
		_TMR2_Initialize
		_configuration_mTouch
		_touch_step_5
 This function is called by:
		Startup code after reset
 This function uses a non-reentrant model


 *************** function _touch_step_5 *****************
 Defined at:
		line 66 in file "includes/configtouch/myConfigTouch.c"
 Parameters:    Size  Location     Type
		None
 Auto vars:     Size  Location     Type
		None
 Return value:  Size  Location     Type
                  1    wreg      void 
 Registers used:
		wreg, fsr0l, fsr0h, fsr1l, fsr1h, fsr2l, fsr2h, status,2, status,0, cstack
 Tracked objects:
		On entry : 
		On exit  : 
		Unchanged: 
 Data sizes:     COMRAM   BANK0   BANK1   BANK2   BANK3   BANK4   BANK5   BANK6   BANK7   BANK8   BANK9  BANK10  BANK11  BANK12  BANK13  BANK14  BANK15
      Params:         0       0       0       0       0       0       0       0       0       0       0       0       0       0       0       0       0
      Locals:         0       0       0       0       0       0       0       0       0       0       0       0       0       0       0       0       0
      Temps:          0       0       0       0       0       0       0       0       0       0       0       0       0       0       0       0       0
      Totals:         0       0       0       0       0       0       0       0       0       0       0       0       0       0       0       0       0
Total ram usage:        0 bytes
 Hardware stack levels used:    1
 Hardware stack levels required when called:    6
 This function calls:
		_MTouchDecode
 This function is called by:
		_main
 This function uses a non-reentrant model


 *************** function _MTouchDecode *****************
 Defined at:
		line 58 in file "includes/mtouch/mTouchControl.c"
 Parameters:    Size  Location     Type
		None
 Auto vars:     Size  Location     Type
		None
 Return value:  Size  Location     Type
                  1    wreg      void 
 Registers used:
		wreg, fsr0l, fsr0h, fsr1l, fsr1h, fsr2l, fsr2h, status,2, status,0, cstack
 Tracked objects:
		On entry : 
		On exit  : 
		Unchanged: 
 Data sizes:     COMRAM   BANK0   BANK1   BANK2   BANK3   BANK4   BANK5   BANK6   BANK7   BANK8   BANK9  BANK10  BANK11  BANK12  BANK13  BANK14  BANK15
      Params:         0       0       0       0       0       0       0       0       0       0       0       0       0       0       0       0       0
      Locals:         0       0       0       0       0       0       0       0       0       0       0       0       0       0       0       0       0
      Temps:          0       0       0       0       0       0       0       0       0       0       0       0       0       0       0       0       0
      Totals:         0       0       0       0       0       0       0       0       0       0       0       0       0       0       0       0       0
Total ram usage:        0 bytes
 Hardware stack levels used:    1
 Hardware stack levels required when called:    5
 This function calls:
		_MTouchDecodeButtons
 This function is called by:
		_touch_step_5
 This function uses a non-reentrant model


 *************** function _MTouchDecodeButtons *****************
 Defined at:
		line 82 in file "includes/mtouch/mTouchButton.c"
 Parameters:    Size  Location     Type
		None
 Auto vars:     Size  Location     Type
  pButton         2   12[BANK0 ] PTR struct tag_MTOUCHBUT
		 -> buttons(56), 
  pMostPressed    2    9[BANK0 ] PTR struct tag_MTOUCHBUT
		 -> NULL(0), buttons(56), 
  pSensor         2    4[BANK0 ] PTR struct tag_SENSOR
		 -> sensors(224), 
  sensorState     1   11[BANK0 ] unsigned char 
  decode          1    8[BANK0 ] unsigned char 
  state           1    7[BANK0 ] unsigned char 
  i               1    6[BANK0 ] unsigned char 
 Return value:  Size  Location     Type
                  1    wreg      void 
 Registers used:
		wreg, fsr0l, fsr0h, fsr1l, fsr1h, fsr2l, fsr2h, status,2, status,0
 Tracked objects:
		On entry : 
		On exit  : 
		Unchanged: 
 Data sizes:     COMRAM   BANK0   BANK1   BANK2   BANK3   BANK4   BANK5   BANK6   BANK7   BANK8   BANK9  BANK10  BANK11  BANK12  BANK13  BANK14  BANK15
      Params:         0       0       0       0       0       0       0       0       0       0       0       0       0       0       0       0       0
      Locals:         0      10       0       0       0       0       0       0       0       0       0       0       0       0       0       0       0
      Temps:          0       4       0       0       0       0       0       0       0       0       0       0       0       0       0       0       0
      Totals:         0      14       0       0       0       0       0       0       0       0       0       0       0       0       0       0       0
Total ram usage:       14 bytes
 Hardware stack levels used:    1
 Hardware stack levels required when called:    4
 This function calls:
		Nothing
 This function is called by:
		_MTouchDecode
 This function uses a non-reentrant model


 *************** function _configuration_mTouch *****************
 Defined at:
		line 72 in file "includes/configtouch/myConfigTouch.c"
 Parameters:    Size  Location     Type
		None
 Auto vars:     Size  Location     Type
		None
 Return value:  Size  Location     Type
                  1    wreg      void 
 Registers used:
		wreg, fsr1l, fsr1h, fsr2l, fsr2h, status,2, status,0, prodl, prodh, cstack
 Tracked objects:
		On entry : 
		On exit  : 
		Unchanged: 
 Data sizes:     COMRAM   BANK0   BANK1   BANK2   BANK3   BANK4   BANK5   BANK6   BANK7   BANK8   BANK9  BANK10  BANK11  BANK12  BANK13  BANK14  BANK15
      Params:         0       0       0       0       0       0       0       0       0       0       0       0       0       0       0       0       0
      Locals:         0       0       0       0       0       0       0       0       0       0       0       0       0       0       0       0       0
      Temps:          0       0       0       0       0       0       0       0       0       0       0       0       0       0       0       0       0
      Totals:         0       0       0       0       0       0       0       0       0       0       0       0       0       0       0       0       0
Total ram usage:        0 bytes
 Hardware stack levels used:    1
 Hardware stack levels required when called:    6
 This function calls:
		_touch_step_1
		_touch_step_2
		_touch_step_3
		_touch_step_4
 This function is called by:
		_main
 This function uses a non-reentrant model


 *************** function _touch_step_4 *****************
 Defined at:
		line 60 in file "includes/configtouch/myConfigTouch.c"
 Parameters:    Size  Location     Type
		None
 Auto vars:     Size  Location     Type
		None
 Return value:  Size  Location     Type
                  1    wreg      void 
 Registers used:
		cstack
 Tracked objects:
		On entry : 
		On exit  : 
		Unchanged: 
 Data sizes:     COMRAM   BANK0   BANK1   BANK2   BANK3   BANK4   BANK5   BANK6   BANK7   BANK8   BANK9  BANK10  BANK11  BANK12  BANK13  BANK14  BANK15
      Params:         0       0       0       0       0       0       0       0       0       0       0       0       0       0       0       0       0
      Locals:         0       0       0       0       0       0       0       0       0       0       0       0       0       0       0       0       0
      Temps:          0       0       0       0       0       0       0       0       0       0       0       0       0       0       0       0       0
      Totals:         0       0       0       0       0       0       0       0       0       0       0       0       0       0       0       0       0
Total ram usage:        0 bytes
 Hardware stack levels used:    1
 Hardware stack levels required when called:    5
 This function calls:
		_TMR2_StartTimer
 This function is called by:
		_configuration_mTouch
 This function uses a non-reentrant model


 *************** function _TMR2_StartTimer *****************
 Defined at:
		line 19 in file "includes/timer/tmr2.c"
 Parameters:    Size  Location     Type
		None
 Auto vars:     Size  Location     Type
		None
 Return value:  Size  Location     Type
                  1    wreg      void 
 Registers used:
		None
 Tracked objects:
		On entry : 
		On exit  : 
		Unchanged: 
 Data sizes:     COMRAM   BANK0   BANK1   BANK2   BANK3   BANK4   BANK5   BANK6   BANK7   BANK8   BANK9  BANK10  BANK11  BANK12  BANK13  BANK14  BANK15
      Params:         0       0       0       0       0       0       0       0       0       0       0       0       0       0       0       0       0
      Locals:         0       0       0       0       0       0       0       0       0       0       0       0       0       0       0       0       0
      Temps:          0       0       0       0       0       0       0       0       0       0       0       0       0       0       0       0       0
      Totals:         0       0       0       0       0       0       0       0       0       0       0       0       0       0       0       0       0
Total ram usage:        0 bytes
 Hardware stack levels used:    1
 Hardware stack levels required when called:    4
 This function calls:
		Nothing
 This function is called by:
		_touch_step_4
 This function uses a non-reentrant model


 *************** function _touch_step_3 *****************
 Defined at:
		line 43 in file "includes/configtouch/myConfigTouch.c"
 Parameters:    Size  Location     Type
		None
 Auto vars:     Size  Location     Type
		None
 Return value:  Size  Location     Type
                  1    wreg      void 
 Registers used:
		wreg, fsr2l, fsr2h, status,2, status,0, prodl, prodh, cstack
 Tracked objects:
		On entry : 
		On exit  : 
		Unchanged: 
 Data sizes:     COMRAM   BANK0   BANK1   BANK2   BANK3   BANK4   BANK5   BANK6   BANK7   BANK8   BANK9  BANK10  BANK11  BANK12  BANK13  BANK14  BANK15
      Params:         0       0       0       0       0       0       0       0       0       0       0       0       0       0       0       0       0
      Locals:         0       0       0       0       0       0       0       0       0       0       0       0       0       0       0       0       0
      Temps:          0       0       0       0       0       0       0       0       0       0       0       0       0       0       0       0       0
      Totals:         0       0       0       0       0       0       0       0       0       0       0       0       0       0       0       0       0
Total ram usage:        0 bytes
 Hardware stack levels used:    1
 Hardware stack levels required when called:    5
 This function calls:
		_MTouchSetButton
 This function is called by:
		_configuration_mTouch
 This function uses a non-reentrant model


 *************** function _MTouchSetButton *****************
 Defined at:
		line 67 in file "includes/mtouch/mTouchButton.c"
 Parameters:    Size  Location     Type
  buttonNumber    1    wreg     unsigned char 
  sensorNumber    1    0[BANK0 ] unsigned char 
  decode          1    1[BANK0 ] unsigned char 
 Auto vars:     Size  Location     Type
  buttonNumber    1    4[BANK0 ] unsigned char 
  pButton         2    5[BANK0 ] PTR struct tag_MTOUCHBUT
		 -> buttons(56), 
 Return value:  Size  Location     Type
                  1    wreg      void 
 Registers used:
		wreg, fsr2l, fsr2h, status,2, status,0, prodl, prodh
 Tracked objects:
		On entry : 
		On exit  : 
		Unchanged: 
 Data sizes:     COMRAM   BANK0   BANK1   BANK2   BANK3   BANK4   BANK5   BANK6   BANK7   BANK8   BANK9  BANK10  BANK11  BANK12  BANK13  BANK14  BANK15
      Params:         0       2       0       0       0       0       0       0       0       0       0       0       0       0       0       0       0
      Locals:         0       3       0       0       0       0       0       0       0       0       0       0       0       0       0       0       0
      Temps:          0       2       0       0       0       0       0       0       0       0       0       0       0       0       0       0       0
      Totals:         0       7       0       0       0       0       0       0       0       0       0       0       0       0       0       0       0
Total ram usage:        7 bytes
 Hardware stack levels used:    1
 Hardware stack levels required when called:    4
 This function calls:
		Nothing
 This function is called by:
		_touch_step_3
 This function uses a non-reentrant model


 *************** function _touch_step_2 *****************
 Defined at:
		line 14 in file "includes/configtouch/myConfigTouch.c"
 Parameters:    Size  Location     Type
		None
 Auto vars:     Size  Location     Type
		None
 Return value:  Size  Location     Type
                  1    wreg      void 
 Registers used:
		wreg, fsr1l, fsr1h, fsr2l, fsr2h, status,2, status,0, prodl, prodh, cstack
 Tracked objects:
		On entry : 
		On exit  : 
		Unchanged: 
 Data sizes:     COMRAM   BANK0   BANK1   BANK2   BANK3   BANK4   BANK5   BANK6   BANK7   BANK8   BANK9  BANK10  BANK11  BANK12  BANK13  BANK14  BANK15
      Params:         0       0       0       0       0       0       0       0       0       0       0       0       0       0       0       0       0
      Locals:         0       0       0       0       0       0       0       0       0       0       0       0       0       0       0       0       0
      Temps:          0       0       0       0       0       0       0       0       0       0       0       0       0       0       0       0       0
      Totals:         0       0       0       0       0       0       0       0       0       0       0       0       0       0       0       0       0
Total ram usage:        0 bytes
 Hardware stack levels used:    1
 Hardware stack levels required when called:    5
 This function calls:
		_MTouchSetSensor
 This function is called by:
		_configuration_mTouch
 This function uses a non-reentrant model


 *************** function _MTouchSetSensor *****************
 Defined at:
		line 78 in file "includes/mtouch/mTouchSensor.c"
 Parameters:    Size  Location     Type
  sensorNumber    1    wreg     unsigned char 
  tris            2    0[BANK0 ] PTR volatile unsigned ch
		 -> TRISA(1), TRISB(1), 
  lat             2    2[BANK0 ] PTR volatile unsigned ch
		 -> LATA(1), LATB(1), 
  ioBitNumber     1    4[BANK0 ] unsigned char 
  channelNumbe    1    5[BANK0 ] unsigned char 
  threshold       2    6[BANK0 ] short 
  oversampling    2    8[BANK0 ] short 
  chargeDelay     1   10[BANK0 ] char 
 Auto vars:     Size  Location     Type
  sensorNumber    1   13[BANK0 ] unsigned char 
  pSensor         2   14[BANK0 ] PTR struct tag_SENSOR
		 -> sensors(224), 
 Return value:  Size  Location     Type
                  1    wreg      void 
 Registers used:
		wreg, fsr1l, fsr1h, fsr2l, fsr2h, status,2, status,0, prodl, prodh
 Tracked objects:
		On entry : 
		On exit  : 
		Unchanged: 
 Data sizes:     COMRAM   BANK0   BANK1   BANK2   BANK3   BANK4   BANK5   BANK6   BANK7   BANK8   BANK9  BANK10  BANK11  BANK12  BANK13  BANK14  BANK15
      Params:         0      11       0       0       0       0       0       0       0       0       0       0       0       0       0       0       0
      Locals:         0       3       0       0       0       0       0       0       0       0       0       0       0       0       0       0       0
      Temps:          0       2       0       0       0       0       0       0       0       0       0       0       0       0       0       0       0
      Totals:         0      16       0       0       0       0       0       0       0       0       0       0       0       0       0       0       0
Total ram usage:       16 bytes
 Hardware stack levels used:    1
 Hardware stack levels required when called:    4
 This function calls:
		Nothing
 This function is called by:
		_touch_step_2
 This function uses a non-reentrant model


 *************** function _touch_step_1 *****************
 Defined at:
		line 9 in file "includes/configtouch/myConfigTouch.c"
 Parameters:    Size  Location     Type
		None
 Auto vars:     Size  Location     Type
		None
 Return value:  Size  Location     Type
                  1    wreg      void 
 Registers used:
		wreg, status,2, cstack
 Tracked objects:
		On entry : 
		On exit  : 
		Unchanged: 
 Data sizes:     COMRAM   BANK0   BANK1   BANK2   BANK3   BANK4   BANK5   BANK6   BANK7   BANK8   BANK9  BANK10  BANK11  BANK12  BANK13  BANK14  BANK15
      Params:         0       0       0       0       0       0       0       0       0       0       0       0       0       0       0       0       0
      Locals:         0       0       0       0       0       0       0       0       0       0       0       0       0       0       0       0       0
      Temps:          0       0       0       0       0       0       0       0       0       0       0       0       0       0       0       0       0
      Totals:         0       0       0       0       0       0       0       0       0       0       0       0       0       0       0       0       0
Total ram usage:        0 bytes
 Hardware stack levels used:    1
 Hardware stack levels required when called:    5
 This function calls:
		_MTouchInit
 This function is called by:
		_configuration_mTouch
 This function uses a non-reentrant model


 *************** function _MTouchInit *****************
 Defined at:
		line 125 in file "includes/mtouch/mTouchSensor.c"
 Parameters:    Size  Location     Type
		None
 Auto vars:     Size  Location     Type
		None
 Return value:  Size  Location     Type
                  1    wreg      void 
 Registers used:
		wreg, status,2
 Tracked objects:
		On entry : 
		On exit  : 
		Unchanged: 
 Data sizes:     COMRAM   BANK0   BANK1   BANK2   BANK3   BANK4   BANK5   BANK6   BANK7   BANK8   BANK9  BANK10  BANK11  BANK12  BANK13  BANK14  BANK15
      Params:         0       0       0       0       0       0       0       0       0       0       0       0       0       0       0       0       0
      Locals:         0       0       0       0       0       0       0       0       0       0       0       0       0       0       0       0       0
      Temps:          0       0       0       0       0       0       0       0       0       0       0       0       0       0       0       0       0
      Totals:         0       0       0       0       0       0       0       0       0       0       0       0       0       0       0       0       0
Total ram usage:        0 bytes
 Hardware stack levels used:    1
 Hardware stack levels required when called:    4
 This function calls:
		Nothing
 This function is called by:
		_touch_step_1
 This function uses a non-reentrant model


 *************** function _TMR2_Initialize *****************
 Defined at:
		line 5 in file "includes/timer/tmr2.c"
 Parameters:    Size  Location     Type
		None
 Auto vars:     Size  Location     Type
		None
 Return value:  Size  Location     Type
                  1    wreg      void 
 Registers used:
		wreg, status,2
 Tracked objects:
		On entry : 
		On exit  : 
		Unchanged: 
 Data sizes:     COMRAM   BANK0   BANK1   BANK2   BANK3   BANK4   BANK5   BANK6   BANK7   BANK8   BANK9  BANK10  BANK11  BANK12  BANK13  BANK14  BANK15
      Params:         0       0       0       0       0       0       0       0       0       0       0       0       0       0       0       0       0
      Locals:         0       0       0       0       0       0       0       0       0       0       0       0       0       0       0       0       0
      Temps:          0       0       0       0       0       0       0       0       0       0       0       0       0       0       0       0       0
      Totals:         0       0       0       0       0       0       0       0       0       0       0       0       0       0       0       0       0
Total ram usage:        0 bytes
 Hardware stack levels used:    1
 Hardware stack levels required when called:    4
 This function calls:
		Nothing
 This function is called by:
		_main
 This function uses a non-reentrant model


 *************** function _PIN_MANAGER_Initialize *****************
 Defined at:
		line 4 in file "includes/pinconfig/pin_manager.c"
 Parameters:    Size  Location     Type
		None
 Auto vars:     Size  Location     Type
		None
 Return value:  Size  Location     Type
                  1    wreg      void 
 Registers used:
		wreg, status,2
 Tracked objects:
		On entry : 
		On exit  : 
		Unchanged: 
 Data sizes:     COMRAM   BANK0   BANK1   BANK2   BANK3   BANK4   BANK5   BANK6   BANK7   BANK8   BANK9  BANK10  BANK11  BANK12  BANK13  BANK14  BANK15
      Params:         0       0       0       0       0       0       0       0       0       0       0       0       0       0       0       0       0
      Locals:         0       0       0       0       0       0       0       0       0       0       0       0       0       0       0       0       0
      Temps:          0       0       0       0       0       0       0       0       0       0       0       0       0       0       0       0       0
      Totals:         0       0       0       0       0       0       0       0       0       0       0       0       0       0       0       0       0
Total ram usage:        0 bytes
 Hardware stack levels used:    1
 Hardware stack levels required when called:    4
 This function calls:
		Nothing
 This function is called by:
		_main
 This function uses a non-reentrant model


 *************** function _I2C_Master_Write *****************
 Defined at:
		line 60 in file "includes/I2C/I2CDevice.c"
 Parameters:    Size  Location     Type
  data            1    wreg     unsigned char 
 Auto vars:     Size  Location     Type
  data            1    3[BANK0 ] unsigned char 
  temp            1    2[BANK0 ] unsigned char 
 Return value:  Size  Location     Type
                  1    wreg      unsigned char 
 Registers used:
		wreg, status,2, status,0
 Tracked objects:
		On entry : 
		On exit  : 
		Unchanged: 
 Data sizes:     COMRAM   BANK0   BANK1   BANK2   BANK3   BANK4   BANK5   BANK6   BANK7   BANK8   BANK9  BANK10  BANK11  BANK12  BANK13  BANK14  BANK15
      Params:         0       0       0       0       0       0       0       0       0       0       0       0       0       0       0       0       0
      Locals:         0       2       0       0       0       0       0       0       0       0       0       0       0       0       0       0       0
      Temps:          0       2       0       0       0       0       0       0       0       0       0       0       0       0       0       0       0
      Totals:         0       4       0       0       0       0       0       0       0       0       0       0       0       0       0       0       0
Total ram usage:        4 bytes
 Hardware stack levels used:    1
 Hardware stack levels required when called:    4
 This function calls:
		Nothing
 This function is called by:
		_main
 This function uses a non-reentrant model


 *************** function _I2C_Master_Stop *****************
 Defined at:
		line 72 in file "includes/I2C/I2CDevice.c"
 Parameters:    Size  Location     Type
		None
 Auto vars:     Size  Location     Type
		None
 Return value:  Size  Location     Type
                  1    wreg      void 
 Registers used:
		status,2, status,0
 Tracked objects:
		On entry : 
		On exit  : 
		Unchanged: 
 Data sizes:     COMRAM   BANK0   BANK1   BANK2   BANK3   BANK4   BANK5   BANK6   BANK7   BANK8   BANK9  BANK10  BANK11  BANK12  BANK13  BANK14  BANK15
      Params:         0       0       0       0       0       0       0       0       0       0       0       0       0       0       0       0       0
      Locals:         0       0       0       0       0       0       0       0       0       0       0       0       0       0       0       0       0
      Temps:          0       0       0       0       0       0       0       0       0       0       0       0       0       0       0       0       0
      Totals:         0       0       0       0       0       0       0       0       0       0       0       0       0       0       0       0       0
Total ram usage:        0 bytes
 Hardware stack levels used:    1
 Hardware stack levels required when called:    4
 This function calls:
		Nothing
 This function is called by:
		_main
 This function uses a non-reentrant model


 *************** function _I2C_Master_Start *****************
 Defined at:
		line 50 in file "includes/I2C/I2CDevice.c"
 Parameters:    Size  Location     Type
		None
 Auto vars:     Size  Location     Type
		None
 Return value:  Size  Location     Type
                  1    wreg      unsigned char 
 Registers used:
		status,2, status,0
 Tracked objects:
		On entry : 
		On exit  : 
		Unchanged: 
 Data sizes:     COMRAM   BANK0   BANK1   BANK2   BANK3   BANK4   BANK5   BANK6   BANK7   BANK8   BANK9  BANK10  BANK11  BANK12  BANK13  BANK14  BANK15
      Params:         0       0       0       0       0       0       0       0       0       0       0       0       0       0       0       0       0
      Locals:         0       0       0       0       0       0       0       0       0       0       0       0       0       0       0       0       0
      Temps:          0       0       0       0       0       0       0       0       0       0       0       0       0       0       0       0       0
      Totals:         0       0       0       0       0       0       0       0       0       0       0       0       0       0       0       0       0
Total ram usage:        0 bytes
 Hardware stack levels used:    1
 Hardware stack levels required when called:    4
 This function calls:
		Nothing
 This function is called by:
		_main
 This function uses a non-reentrant model


 *************** function _I2C_Master_Init *****************
 Defined at:
		line 36 in file "includes/I2C/I2CDevice.c"
 Parameters:    Size  Location     Type
		None
 Auto vars:     Size  Location     Type
		None
 Return value:  Size  Location     Type
                  1    wreg      void 
 Registers used:
		wreg, status,2, status,0
 Tracked objects:
		On entry : 
		On exit  : 
		Unchanged: 
 Data sizes:     COMRAM   BANK0   BANK1   BANK2   BANK3   BANK4   BANK5   BANK6   BANK7   BANK8   BANK9  BANK10  BANK11  BANK12  BANK13  BANK14  BANK15
      Params:         0       4       0       0       0       0       0       0       0       0       0       0       0       0       0       0       0
      Locals:         0       0       0       0       0       0       0       0       0       0       0       0       0       0       0       0       0
      Temps:          0       0       0       0       0       0       0       0       0       0       0       0       0       0       0       0       0
      Totals:         0       4       0       0       0       0       0       0       0       0       0       0       0       0       0       0       0
Total ram usage:        4 bytes
 Hardware stack levels used:    1
 Hardware stack levels required when called:    4
 This function calls:
		Nothing
 This function is called by:
		_main
 This function uses a non-reentrant model


 *************** function _interrupcoes *****************
 Defined at:
		line 10 in file "main.c"
 Parameters:    Size  Location     Type
		None
 Auto vars:     Size  Location     Type
		None
 Return value:  Size  Location     Type
                  1    wreg      void 
 Registers used:
		wreg, fsr1l, fsr1h, fsr2l, fsr2h, status,2, status,0, prodl, prodh, cstack
 Tracked objects:
		On entry : 
		On exit  : 
		Unchanged: 
 Data sizes:     COMRAM   BANK0   BANK1   BANK2   BANK3   BANK4   BANK5   BANK6   BANK7   BANK8   BANK9  BANK10  BANK11  BANK12  BANK13  BANK14  BANK15
      Params:         0       0       0       0       0       0       0       0       0       0       0       0       0       0       0       0       0
      Locals:         0       0       0       0       0       0       0       0       0       0       0       0       0       0       0       0       0
      Temps:         18       0       0       0       0       0       0       0       0       0       0       0       0       0       0       0       0
      Totals:        18       0       0       0       0       0       0       0       0       0       0       0       0       0       0       0       0
Total ram usage:       18 bytes
 Hardware stack levels used:    1
 Hardware stack levels required when called:    3
 This function calls:
		_MTouchAcquisition
 This function is called by:
		Interrupt level 2
 This function uses a non-reentrant model


 *************** function _MTouchAcquisition *****************
 Defined at:
		line 259 in file "includes/mtouch/mTouchSensor.c"
 Parameters:    Size  Location     Type
		None
 Auto vars:     Size  Location     Type
  pCurrentSens    2   30[COMRAM] PTR struct tag_SENSOR
		 -> sensors(224), 
  pPreviousSen    2   27[COMRAM] PTR struct tag_SENSOR
		 -> sensors(224), 
  pLastSensor     2   25[COMRAM] PTR struct tag_SENSOR
		 -> sensors(224), 
  data            2   23[COMRAM] short 
  i               1   29[COMRAM] unsigned char 
 Return value:  Size  Location     Type
                  1    wreg      void 
 Registers used:
		wreg, fsr1l, fsr1h, fsr2l, fsr2h, status,2, status,0, prodl, prodh, cstack
 Tracked objects:
		On entry : 
		On exit  : 
		Unchanged: 
 Data sizes:     COMRAM   BANK0   BANK1   BANK2   BANK3   BANK4   BANK5   BANK6   BANK7   BANK8   BANK9  BANK10  BANK11  BANK12  BANK13  BANK14  BANK15
      Params:         0       0       0       0       0       0       0       0       0       0       0       0       0       0       0       0       0
      Locals:         9       0       0       0       0       0       0       0       0       0       0       0       0       0       0       0       0
      Temps:          3       0       0       0       0       0       0       0       0       0       0       0       0       0       0       0       0
      Totals:        12       0       0       0       0       0       0       0       0       0       0       0       0       0       0       0       0
Total ram usage:       12 bytes
 Hardware stack levels used:    1
 Hardware stack levels required when called:    2
 This function calls:
		_MTouchAcquisitionCVD
		_MTouchSensorDecode
 This function is called by:
		_interrupcoes
 This function uses a non-reentrant model


 *************** function _MTouchSensorDecode *****************
 Defined at:
		line 146 in file "includes/mtouch/mTouchSensor.c"
 Parameters:    Size  Location     Type
  pSensor         2    9[COMRAM] PTR struct tag_SENSOR
		 -> sensors(224), 
 Auto vars:     Size  Location     Type
  delta           2   15[COMRAM] short 
 Return value:  Size  Location     Type
                  1    wreg      void 
 Registers used:
		wreg, fsr1l, fsr1h, fsr2l, fsr2h, status,2, status,0, cstack
 Tracked objects:
		On entry : 
		On exit  : 
		Unchanged: 
 Data sizes:     COMRAM   BANK0   BANK1   BANK2   BANK3   BANK4   BANK5   BANK6   BANK7   BANK8   BANK9  BANK10  BANK11  BANK12  BANK13  BANK14  BANK15
      Params:         2       0       0       0       0       0       0       0       0       0       0       0       0       0       0       0       0
      Locals:         2       0       0       0       0       0       0       0       0       0       0       0       0       0       0       0       0
      Temps:          4       0       0       0       0       0       0       0       0       0       0       0       0       0       0       0       0
      Totals:         8       0       0       0       0       0       0       0       0       0       0       0       0       0       0       0       0
Total ram usage:        8 bytes
 Hardware stack levels used:    1
 Hardware stack levels required when called:    1
 This function calls:
		_MTouchUpdateSensorAverage
 This function is called by:
		_MTouchAcquisition
 This function uses a non-reentrant model


 *************** function _MTouchUpdateSensorAverage *****************
 Defined at:
		line 224 in file "includes/mtouch/mTouchSensor.c"
 Parameters:    Size  Location     Type
  pSensor         2    0[COMRAM] PTR struct tag_SENSOR
		 -> sensors(224), 
  rate            2    2[COMRAM] unsigned short 
 Auto vars:     Size  Location     Type
		None
 Return value:  Size  Location     Type
                  1    wreg      void 
 Registers used:
		wreg, fsr2l, fsr2h, status,2, status,0
 Tracked objects:
		On entry : 
		On exit  : 
		Unchanged: 
 Data sizes:     COMRAM   BANK0   BANK1   BANK2   BANK3   BANK4   BANK5   BANK6   BANK7   BANK8   BANK9  BANK10  BANK11  BANK12  BANK13  BANK14  BANK15
      Params:         4       0       0       0       0       0       0       0       0       0       0       0       0       0       0       0       0
      Locals:         0       0       0       0       0       0       0       0       0       0       0       0       0       0       0       0       0
      Temps:          5       0       0       0       0       0       0       0       0       0       0       0       0       0       0       0       0
      Totals:         9       0       0       0       0       0       0       0       0       0       0       0       0       0       0       0       0
Total ram usage:        9 bytes
 Hardware stack levels used:    1
 This function calls:
		Nothing
 This function is called by:
		_MTouchSensorDecode
 This function uses a non-reentrant model


 *************** function _MTouchAcquisitionCVD *****************
 Defined at:
		line 122 in file "includes/mtouch/mTouchAcquistion.c"
 Parameters:    Size  Location     Type
  pCurrentSens    2    0[COMRAM] PTR struct tag_SENSOR
		 -> sensors(224), 
  pPreviousSen    2    2[COMRAM] PTR struct tag_SENSOR
		 -> sensors(224), 
 Auto vars:     Size  Location     Type
  curTris         2   17[COMRAM] PTR volatile unsigned ch
		 -> TRISA(1), TRISB(1), 
  curLat          2   14[COMRAM] PTR volatile unsigned ch
		 -> LATA(1), LATB(1), 
  prevLat         2   12[COMRAM] PTR volatile unsigned ch
		 -> LATA(1), LATB(1), 
  prevTris        2    8[COMRAM] PTR volatile unsigned ch
		 -> TRISA(1), TRISB(1), 
  result          2    6[COMRAM] short 
  curIOMask       1   19[COMRAM] unsigned char 
  prevIOMask      1   16[COMRAM] unsigned char 
  curChannelNu    1   11[COMRAM] unsigned char 
  prevChannelN    1   10[COMRAM] unsigned char 
 Return value:  Size  Location     Type
                  2    0[COMRAM] short 
 Registers used:
		wreg, fsr2l, fsr2h, status,2, status,0
 Tracked objects:
		On entry : 
		On exit  : 
		Unchanged: 
 Data sizes:     COMRAM   BANK0   BANK1   BANK2   BANK3   BANK4   BANK5   BANK6   BANK7   BANK8   BANK9  BANK10  BANK11  BANK12  BANK13  BANK14  BANK15
      Params:         4       0       0       0       0       0       0       0       0       0       0       0       0       0       0       0       0
      Locals:        14       0       0       0       0       0       0       0       0       0       0       0       0       0       0       0       0
      Temps:          2       0       0       0       0       0       0       0       0       0       0       0       0       0       0       0       0
      Totals:        20       0       0       0       0       0       0       0       0       0       0       0       0       0       0       0       0
Total ram usage:       20 bytes
 Hardware stack levels used:    1
 This function calls:
		Nothing
 This function is called by:
		_MTouchAcquisition
 This function uses a non-reentrant model



MODULE INFORMATION

Module		Function		Class		Link	Load	Size
includes/mtouch/mTouchButton.c
		_MTouchSetButton		CODE           	0DC6	0000	145
		_MTouchDecodeButtons		CODE           	035E	0000	551

includes/mtouch/mTouchButton.c estimated size: 696

includes/I2C/I2CDevice.c
		_I2C_Master_Init		CODE           	0F90	0000	31
		_I2C_Master_Stop		CODE           	0FDE	0000	9
		_I2C_Master_Write		CODE           	0F1A	0000	47
		_I2C_Master_Start		CODE           	0FD2	0000	13

includes/I2C/I2CDevice.c estimated size: 100

includes/mtouch/mTouchSensor.c
		_MTouchSetSensor		CODE           	0756	0000	409
		_MTouchAcquisition		CODE           	08EE	0000	359
		_MTouchInit    		CODE           	0F70	0000	33
		_MTouchSensorDecode		CODE           	0584	0000	467
		_MTouchUpdateSensorAverage		CODE           	0CF4	0000	211

includes/mtouch/mTouchSensor.c estimated size: 1479

includes/configtouch/myConfigTouch.c
		_configuration_mTouch		CODE           	0FAE	0000	19
		_touch_step_1  		CODE           	0FF8	0000	7
		_touch_step_2  		CODE           	0A54	0000	339
		_touch_step_3  		CODE           	0E56	0000	115
		_touch_step_4  		CODE           	0FF2	0000	7
		_touch_step_5  		CODE           	0FE6	0000	7

includes/configtouch/myConfigTouch.c estimated size: 494

includes/mtouch/mTouchAcquistion.c
		_MTouchAcquisitionCVD		CODE           	00AC	0000	691

includes/mtouch/mTouchAcquistion.c estimated size: 691

includes/pinconfig/pin_manager.c
		_PIN_MANAGER_Initialize		CODE           	0EC8	0000	83

includes/pinconfig/pin_manager.c estimated size: 83

shared
		__initialization		CODE           	0F48	0000	27

shared estimated size: 27

includes/mtouch/mTouchControl.c
		_MTouchDecode  		CODE           	0FEC	0000	7

includes/mtouch/mTouchControl.c estimated size: 7

includes/timer/tmr2.c
		_TMR2_Initialize		CODE           	0FC0	0000	19
		_TMR2_StartTimer		CODE           	0FFE	0000	5

includes/timer/tmr2.c estimated size: 24

main.c
		_main          		CODE           	0BA6	0000	335
		_interrupcoes  		CODE           	0008	0000	161

main.c estimated size: 496

